(ARCTools Version 2.1.2)
 HexLoc     DecLoc    MachWord   Label        Instruction                Comment
                                              .org 2048                  
                                                                         
00000800  0000002048  fffffffb  x:                                       
00000804  0000002052  7fffffff  y:                                       
                                                                         
00000808  0000002056            main:                                    
0000080c  0000002060  d4002800                ld [2048], %r10            
00000810  0000002064  d6002804                ld [2052], %r11            
00000814  0000002068  a003c000                add %r15, %r0, %r16        
00000818  0000002072  40000003                call 3                     
0000081c  0000002076  d4202800                st %r10, [2048]            
00000820  0000002080  81c42004                jmpl %r16, 4, %r0          
                                                                         
00000824  0000002084            valor_abs:                               
00000828  0000002088  940a800b                and %r10, %r11, %r10       
0000082c  0000002092  81c3e004                jmpl %r15, 4, %r0          
                                                                         

--- Symbol Table ---
main: 2056
x: 2048
valor_abs: 2084
y: 2052
